{
  "took": 12,
  "timed_out": false,
  "_shards": {
    "total": 5,
    "successful": 5,
    "skipped": 0,
    "failed": 0
  },
  "hits": {
    "total": 3,
    "max_score": 0,
    "hits": []
  },
  "aggregations": {
    "100": {
      "doc_count_error_upper_bound": 0,
      "sum_other_doc_count": 0,
      "buckets": [
        {
          "key": "movieId:19991",
          "doc_count": 1,
          "originalLanguageFilter": {
            "doc_count_error_upper_bound": 0,
            "sum_other_doc_count": 0,
            "buckets": [
              {
                "key": "en",
                "doc_count": 1
              }
            ]
          },
          "aggs": {
            "hits": {
              "total": 1,
              "max_score": 1,
              "hits": [
                {
                  "_index": "movies",
                  "_type": "_doc",
                  "_id": "movieId:19991",
                  "_score": 1,
                  "_source": {
                    "title": "Avatar"
                  }
                }
              ]
            }
          }
        },
        {
          "key": "movieId:19992",
          "doc_count": 1,
          "originalLanguageFilter": {
            "doc_count_error_upper_bound": 0,
            "sum_other_doc_count": 0,
            "buckets": [
              {
                "key": "de",
                "doc_count": 1
              }
            ]
          },
          "aggs": {
            "hits": {
              "total": 1,
              "max_score": 1,
              "hits": [
                {
                  "_index": "movies",
                  "_type": "_doc",
                  "_id": "movieId:19992",
                  "_score": 1,
                  "_source": {
                    "title": "Bvatar"
                  }
                }
              ]
            }
          }
        },
        {
          "key": "movieId:19993",
          "doc_count": 1,
          "originalLanguageFilter": {
            "doc_count_error_upper_bound": 0,
            "sum_other_doc_count": 0,
            "buckets": [
              {
                "key": "en",
                "doc_count": 1
              }
            ]
          },
          "aggs": {
            "hits": {
              "total": 1,
              "max_score": 1,
              "hits": [
                {
                  "_index": "movies",
                  "_type": "_doc",
                  "_id": "movieId:19993",
                  "_score": 1,
                  "_source": {
                    "title": "Zvatar"
                  }
                }
              ]
            }
          }
        },
        {
          "key": "movieId:19994",
          "doc_count": 1,
          "originalLanguageFilter": {
            "doc_count_error_upper_bound": 0,
            "sum_other_doc_count": 0,
            "buckets": [
              {
                "key": "en",
                "doc_count": 1
              }
            ]
          },
          "aggs": {
            "hits": {
              "total": 1,
              "max_score": 1,
              "hits": [
                {
                  "_index": "movies",
                  "_type": "_doc",
                  "_id": "movieId:19993",
                  "_score": 1,
                  "_source": {
                    "title": "Zzvatar"
                  }
                }
              ]
            }
          }
        }
      ]
    },
    "101": {
      "doc_count_error_upper_bound": 0,
      "sum_other_doc_count": 0,
      "buckets": [
        {
          "key": "movieId:19991",
          "doc_count": 1,
          "originalLanguageFilter": {
            "doc_count_error_upper_bound": 0,
            "sum_other_doc_count": 0,
            "buckets": [
              {
                "key": "en",
                "doc_count": 1
              }
            ]
          },
          "aggs": {
            "hits": {
              "total": 1,
              "max_score": 1,
              "hits": [
                {
                  "_index": "movies",
                  "_type": "_doc",
                  "_id": "movieId:19991",
                  "_score": 1,
                  "_source": {
                    "title": "Avatar"
                  }
                }
              ]
            }
          }
        },
        {
          "key": "movieId:19992",
          "doc_count": 1,
          "originalLanguageFilter": {
            "doc_count_error_upper_bound": 0,
            "sum_other_doc_count": 0,
            "buckets": []
          },
          "aggs": {
            "hits": {
              "total": 1,
              "max_score": 1,
              "hits": [
                {
                  "_index": "movies",
                  "_type": "_doc",
                  "_id": "movieId:19992",
                  "_score": 1,
                  "_source": {
                    "title": "Bvatar"
                  }
                }
              ]
            }
          }
        },
        {
          "key": "movieId:19993",
          "doc_count": 1,
          "originalLanguageFilter": {
            "doc_count_error_upper_bound": 0,
            "sum_other_doc_count": 0,
            "buckets": [
              {
                "key": "en",
                "doc_count": 1
              }
            ]
          },
          "aggs": {
            "hits": {
              "total": 1,
              "max_score": 1,
              "hits": [
                {
                  "_index": "movies",
                  "_type": "_doc",
                  "_id": "movieId:19993",
                  "_score": 1,
                  "_source": {
                    "title": "Zvatar"
                  }
                }
              ]
            }
          }
        }
      ]
    },
    "102": {
      "doc_count_error_upper_bound": 0,
      "sum_other_doc_count": 0,
      "buckets": [
        {
          "key": "movieId:19991",
          "doc_count": 1,
          "originalLanguageFilter": {
            "doc_count_error_upper_bound": 0,
            "sum_other_doc_count": 0,
            "buckets": [
              {
                "key": "en",
                "doc_count": 1
              }
            ]
          },
          "aggs": {
            "hits": {
              "total": 1,
              "max_score": 1,
              "hits": [
                {
                  "_index": "movies",
                  "_type": "_doc",
                  "_id": "movieId:19991",
                  "_score": 1,
                  "_source": {
                    "title": "Avatar"
                  }
                }
              ]
            }
          }
        },
        {
          "key": "movieId:19992",
          "doc_count": 1,
          "originalLanguageFilter": {
            "doc_count_error_upper_bound": 0,
            "sum_other_doc_count": 0,
            "buckets": []
          },
          "aggs": {
            "hits": {
              "total": 1,
              "max_score": 1,
              "hits": [
                {
                  "_index": "movies",
                  "_type": "_doc",
                  "_id": "movieId:19992",
                  "_score": 1,
                  "_source": {
                    "title": "Bvatar"
                  }
                }
              ]
            }
          }
        },
        {
          "key": "movieId:19993",
          "doc_count": 1,
          "originalLanguageFilter": {
            "doc_count_error_upper_bound": 0,
            "sum_other_doc_count": 0,
            "buckets": [
              {
                "key": "en",
                "doc_count": 1
              }
            ]
          },
          "aggs": {
            "hits": {
              "total": 1,
              "max_score": 1,
              "hits": [
                {
                  "_index": "movies",
                  "_type": "_doc",
                  "_id": "movieId:19993",
                  "_score": 1,
                  "_source": {
                    "title": "Zvatar"
                  }
                }
              ]
            }
          }
        }
      ]
    },
    "103": {
      "doc_count_error_upper_bound": 0,
      "sum_other_doc_count": 0,
      "buckets": [
        {
          "key": "movieId:19991",
          "doc_count": 1,
          "originalLanguageFilter": {
            "doc_count_error_upper_bound": 0,
            "sum_other_doc_count": 0,
            "buckets": [
              {
                "key": "en",
                "doc_count": 1
              }
            ]
          },
          "aggs": {
            "hits": {
              "total": 1,
              "max_score": 1,
              "hits": [
                {
                  "_index": "movies",
                  "_type": "_doc",
                  "_id": "movieId:19991",
                  "_score": 1,
                  "_source": {
                    "title": "Avatar"
                  }
                }
              ]
            }
          }
        },
        {
          "key": "movieId:19992",
          "doc_count": 1,
          "originalLanguageFilter": {
            "doc_count_error_upper_bound": 0,
            "sum_other_doc_count": 0,
            "buckets": []
          },
          "aggs": {
            "hits": {
              "total": 1,
              "max_score": 1,
              "hits": [
                {
                  "_index": "movies",
                  "_type": "_doc",
                  "_id": "movieId:19992",
                  "_score": 1,
                  "_source": {
                    "title": "Bvatar"
                  }
                }
              ]
            }
          }
        },
        {
          "key": "movieId:19993",
          "doc_count": 1,
          "originalLanguageFilter": {
            "doc_count_error_upper_bound": 0,
            "sum_other_doc_count": 0,
            "buckets": [
              {
                "key": "en",
                "doc_count": 1
              }
            ]
          },
          "aggs": {
            "hits": {
              "total": 1,
              "max_score": 1,
              "hits": [
                {
                  "_index": "movies",
                  "_type": "_doc",
                  "_id": "movieId:19993",
                  "_score": 1,
                  "_source": {
                    "title": "Zvatar"
                  }
                }
              ]
            }
          }
        }
      ]
    },
    "104": {
      "doc_count_error_upper_bound": 0,
      "sum_other_doc_count": 0,
      "buckets": [
        {
          "key": "movieId:19991",
          "doc_count": 1,
          "originalLanguageFilter": {
            "doc_count_error_upper_bound": 0,
            "sum_other_doc_count": 0,
            "buckets": [
              {
                "key": "en",
                "doc_count": 1
              }
            ]
          },
          "aggs": {
            "hits": {
              "total": 1,
              "max_score": 1,
              "hits": [
                {
                  "_index": "movies",
                  "_type": "_doc",
                  "_id": "movieId:19991",
                  "_score": 1,
                  "_source": {
                    "title": "Avatar"
                  }
                }
              ]
            }
          }
        },
        {
          "key": "movieId:19992",
          "doc_count": 1,
          "originalLanguageFilter": {
            "doc_count_error_upper_bound": 0,
            "sum_other_doc_count": 0,
            "buckets": []
          },
          "aggs": {
            "hits": {
              "total": 1,
              "max_score": 1,
              "hits": [
                {
                  "_index": "movies",
                  "_type": "_doc",
                  "_id": "movieId:19992",
                  "_score": 1,
                  "_source": {
                    "title": "Bvatar"
                  }
                }
              ]
            }
          }
        },
        {
          "key": "movieId:19993",
          "doc_count": 1,
          "originalLanguageFilter": {
            "doc_count_error_upper_bound": 0,
            "sum_other_doc_count": 0,
            "buckets": [
              {
                "key": "en",
                "doc_count": 1
              }
            ]
          },
          "aggs": {
            "hits": {
              "total": 1,
              "max_score": 1,
              "hits": [
                {
                  "_index": "movies",
                  "_type": "_doc",
                  "_id": "movieId:19993",
                  "_score": 1,
                  "_source": {
                    "title": "Zvatar"
                  }
                }
              ]
            }
          }
        }
      ]
    },
    "105": {
      "doc_count_error_upper_bound": 0,
      "sum_other_doc_count": 0,
      "buckets": [
        {
          "key": "movieId:19991",
          "doc_count": 1,
          "originalLanguageFilter": {
            "doc_count_error_upper_bound": 0,
            "sum_other_doc_count": 0,
            "buckets": []
          },
          "aggs": {
            "hits": {
              "total": 1,
              "max_score": 1,
              "hits": [
                {
                  "_index": "movies",
                  "_type": "_doc",
                  "_id": "movieId:19991",
                  "_score": 1,
                  "_source": {
                    "title": "Avatar"
                  }
                }
              ]
            }
          }
        },
        {
          "key": "movieId:19992",
          "doc_count": 1,
          "originalLanguageFilter": {
            "doc_count_error_upper_bound": 0,
            "sum_other_doc_count": 0,
            "buckets": []
          },
          "aggs": {
            "hits": {
              "total": 1,
              "max_score": 1,
              "hits": [
                {
                  "_index": "movies",
                  "_type": "_doc",
                  "_id": "movieId:19992",
                  "_score": 1,
                  "_source": {
                    "title": "Bvatar"
                  }
                }
              ]
            }
          }
        },
        {
          "key": "movieId:19993",
          "doc_count": 1,
          "originalLanguageFilter": {
            "doc_count_error_upper_bound": 0,
            "sum_other_doc_count": 0,
            "buckets": []
          },
          "aggs": {
            "hits": {
              "total": 1,
              "max_score": 1,
              "hits": [
                {
                  "_index": "movies",
                  "_type": "_doc",
                  "_id": "movieId:19993",
                  "_score": 1,
                  "_source": {
                    "title": "Zvatar"
                  }
                }
              ]
            }
          }
        }
      ]
    },
    "106": {
      "doc_count_error_upper_bound": 0,
      "sum_other_doc_count": 0,
      "buckets": [
        {
          "key": "movieId:19991",
          "doc_count": 1,
          "originalLanguageFilter": {
            "doc_count_error_upper_bound": 0,
            "sum_other_doc_count": 0,
            "buckets": [
              {
                "key": "en",
                "doc_count": 1
              }
            ]
          },
          "aggs": {
            "hits": {
              "total": 1,
              "max_score": 1,
              "hits": [
                {
                  "_index": "movies",
                  "_type": "_doc",
                  "_id": "movieId:19991",
                  "_score": 1,
                  "_source": {
                    "title": "Avatar"
                  }
                }
              ]
            }
          }
        },
        {
          "key": "movieId:19992",
          "doc_count": 1,
          "originalLanguageFilter": {
            "doc_count_error_upper_bound": 0,
            "sum_other_doc_count": 0,
            "buckets": []
          },
          "aggs": {
            "hits": {
              "total": 1,
              "max_score": 1,
              "hits": [
                {
                  "_index": "movies",
                  "_type": "_doc",
                  "_id": "movieId:19992",
                  "_score": 1,
                  "_source": {
                    "title": "Bvatar"
                  }
                }
              ]
            }
          }
        },
        {
          "key": "movieId:19993",
          "doc_count": 1,
          "originalLanguageFilter": {
            "doc_count_error_upper_bound": 0,
            "sum_other_doc_count": 0,
            "buckets": [
              {
                "key": "en",
                "doc_count": 1
              }
            ]
          },
          "aggs": {
            "hits": {
              "total": 1,
              "max_score": 1,
              "hits": [
                {
                  "_index": "movies",
                  "_type": "_doc",
                  "_id": "movieId:19993",
                  "_score": 1,
                  "_source": {
                    "title": "Zvatar"
                  }
                }
              ]
            }
          }
        }
      ]
    }
  }
}