{
  "aggs": {
    "100": {
      "aggs": {
        "aggs": {
          "top_hits": {
            "_source": ["title"]
          }
        },
        "idsGroups": {
          "terms": {
            "field": "id",
            "include": ["movieId:19993", "movieId:19991", "movieId:19992"]
          }
        }
      },
      "terms": {
        "field": "originalLanguage",
        "include": ["en", "sp"]
      }
    },
    "101": {
      "aggs": {
        "aggs": {
          "top_hits": {
            "_source": ["title"]
          }
        },
        "idsGroups": {
          "terms": {
            "field": "id",
            "include": ["movieId:19993", "movieId:19991", "movieId:19992"]
          }
        }
      },
      "terms": {
        "field": "originalLanguage",
        "include": ["en"]
      }
    },
    "102": {
      "aggs": {
        "aggs": {
          "top_hits": {
            "_source": ["title"]
          }
        },
        "idsGroups": {
          "terms": {
            "field": "id",
            "include": ["movieId:19993", "movieId:19991", "movieId:19992"]
          }
        }
      },
      "terms": {
        "field": "originalLanguage",
        "include": ["en"]
      }
    },
    "103": {
      "aggs": {
        "aggs": {
          "top_hits": {
            "_source": ["title"]
          }
        },
        "idsGroups": {
          "terms": {
            "field": "id",
            "include": ["movieId:19993", "movieId:19991", "movieId:19992"]
          }
        }
      },
      "terms": {
        "field": "originalLanguage",
        "include": ["en"]
      }
    },
    "104": {
      "aggs": {
        "aggs": {
          "top_hits": {
            "_source": ["title"]
          }
        },
        "idsGroups": {
          "terms": {
            "field": "id",
            "include": ["movieId:19993", "movieId:19991", "movieId:19992"]
          }
        }
      },
      "terms": {
        "field": "originalLanguage",
        "include": ["en"]
      }
    },
    "105": {
      "aggs": {
        "aggs": {
          "top_hits": {
            "_source": ["title"]
          }
        },
        "idsGroups": {
          "terms": {
            "field": "id",
            "include": ["movieId:19993", "movieId:19991", "movieId:19992"]
          }
        }
      },
      "terms": {
        "field": "originalLanguage",
        "include": ["sp"]
      }
    },
    "106": {
      "aggs": {
        "aggs": {
          "top_hits": {
            "_source": ["title"]
          }
        },
        "idsGroups": {
          "terms": {
            "field": "id",
            "include": ["movieId:19993", "movieId:19991", "movieId:19992"]
          }
        }
      },
      "terms": {
        "field": "originalLanguage",
        "include": ["en", "sp"]
      }
    }
  },
  "query": {
    "ids": {
      "values": ["movieId:19993", "movieId:19991", "movieId:19992"]
    }
  },
  "size": 0
}
