{
    "query": {
        "bool": {
            "should": [
                {
                    "match": {
                        "name": "Denzel Washington"
                    }
                },
                {
                    "match": {
                        "name": "Kate Winslet"
                    }
                },
                {
                    "match": {
                        "name": "Emma Suárez"
                    }
                },
                {
                    "match": {
                        "name": "Tom Hanks"
                    }
                },
                {
                    "match": {
                        "name": "Steven Spielberg"
                    }
                },
                {
                    "match": {
                        "name": "Martin Scorsese"
                    }
                },
                {
                    "match": {
                        "name": "Pedro Almodóvar"
                    }
                },
                {
                    "match": {
                        "name": "Denzel Washington"
                    }
                },
                {
                    "match": {
                        "name": "Anne Hathaway"
                    }
                },
                {
                    "match": {
                        "name": "Tom Hanks"
                    }
                },
                {
                    "match": {
                        "name": "Guy Ritchie"
                    }
                },
                {
                    "match": {
                        "name": "Quentin Tarantino"
                    }
                },
                {
                    "match": {
                        "name": "Uma Thurman"
                    }
                },
                {
                    "match": {
                        "name": "Charlize Theron"
                    }
                },
                {
                    "match": {
                        "name": "John Travolta"
                    }
                },
                {
                    "match": {
                        "name": "Quentin Tarantino"
                    }
                },
                {
                    "match": {
                        "name": "Antonio Banderas"
                    }
                },
                {
                    "match": {
                        "name": "Clint Eastwood"
                    }
                },
                {
                    "match": {
                        "name": "Bruce Willis"
                    }
                },
                {
                    "match": {
                        "name": "Stanley Kubrick"
                    }
                },
                {
                    "match": {
                        "name": "Oliver Stone"
                    }
                },
                {
                    "match": {
                        "name": "Anthony Hopkins"
                    }
                },
                {
                    "match": {
                        "name": "Adam Sandler"
                    }
                },
                {
                    "match": {
                        "name": "Bruce Willis"
                    }
                },
                {
                    "match": {
                        "name": "Nora Ephron"
                    }
                },
                {
                    "match": {
                        "name": "Oliver Stone"
                    }
                },
                {
                    "match": {
                        "name": "Anthony Hopkins"
                    }
                },
                {
                    "match": {
                        "name": "Bárbara Goenaga"
                    }
                },
                {
                    "match": {
                        "name": "Tenoch Huerta"
                    }
                },
                {
                    "match": {
                        "name": "Amat Escalante"
                    }
                },
                {
                    "match": {
                        "name": "Robert Rodriguez"
                    }
                },
                {
                    "match": {
                        "name": "Brad Pitt"
                    }
                },
                {
                    "match": {
                        "name": "Robert Downey Jr."
                    }
                },
                {
                    "match": {
                        "name": "Jennifer Lawrence"
                    }
                },
                {
                    "match": {
                        "name": "Johnny Depp"
                    }
                },
                {
                    "match": {
                        "name": "Steven Spielberg"
                    }
                },
                {
                    "match": {
                        "name": "Martin Scorsese"
                    }
                },
                {
                    "match": {
                        "name": "Ridley Scott"
                    }
                }
            ]
        }
    },
    "size": 0,
    "aggs": {
        "100": {
            "terms": {
                "field": "name.raw",
                "include": [
                    "Denzel Washington",
                    "Kate Winslet",
                    "Emma Suárez",
                    "Tom Hanks",
                    "Steven Spielberg",
                    "Martin Scorsese",
                    "Pedro Almodóvar"
                ]
            },
            "aggs": {
                "allResluts": {
                    "top_hits": {
                        "_source": [
                            "movieId"
                        ]
                    }
                }
            }
        },
        "101": {
            "terms": {
                "field": "name.raw",
                "include": [
                    "Denzel Washington",
                    "Anne Hathaway",
                    "Tom Hanks",
                    "Guy Ritchie",
                    "Quentin Tarantino"
                ]
            },
            "aggs": {
                "allResluts": {
                    "top_hits": {
                        "_source": [
                            "movieId"
                        ]
                    }
                }
            }
        },
        "102": {
            "terms": {
                "field": "name.raw",
                "include": [
                    "Uma Thurman",
                    "Charlize Theron",
                    "John Travolta",
                    "Quentin Tarantino"
                ]
            },
            "aggs": {
                "allResluts": {
                    "top_hits": {
                        "_source": [
                            "movieId"
                        ]
                    }
                }
            }
        },
        "103": {
            "terms": {
                "field": "name.raw",
                "include": [
                    "Antonio Banderas",
                    "Clint Eastwood",
                    "Bruce Willis",
                    "Stanley Kubrick",
                    "Oliver Stone"
                ]
            },
            "aggs": {
                "allResluts": {
                    "top_hits": {
                        "_source": [
                            "movieId"
                        ]
                    }
                }
            }
        },
        "104": {
            "terms": {
                "field": "name.raw",
                "include": [
                    "Anthony Hopkins",
                    "Adam Sandler",
                    "Bruce Willis",
                    "Nora Ephron",
                    "Oliver Stone"
                ]
            },
            "aggs": {
                "allResluts": {
                    "top_hits": {
                        "_source": [
                            "movieId"
                        ]
                    }
                }
            }
        },
        "105": {
            "terms": {
                "field": "name.raw",
                "include": [
                    "Anthony Hopkins",
                    "Bárbara Goenaga",
                    "Tenoch Huerta",
                    "Amat Escalante",
                    "Robert Rodriguez"
                ]
            },
            "aggs": {
                "allResluts": {
                    "top_hits": {
                        "_source": [
                            "movieId"
                        ]
                    }
                }
            }
        },
        "106": {
            "terms": {
                "field": "name.raw",
                "include": [
                    "Brad Pitt",
                    "Robert Downey Jr.",
                    "Jennifer Lawrence",
                    "Johnny Depp",
                    "Steven Spielberg",
                    "Martin Scorsese",
                    "Ridley Scott"
                ]
            },
            "aggs": {
                "allResluts": {
                    "top_hits": {
                        "_source": [
                            "movieId"
                        ]
                    }
                }
            }
        }
    }
}